{
  "message": "paradigm 'xx_vs_dvÃ¤ljas' finns ej"
}
