{
  "message": "This route is disabled due to performance reasons. \n                     Contact us if interessed in it working.\n                     Tracking issue: https://github.com/spraakbanken/sblex-server/issues/110"
}
