[
  {
    "fm": "bo..1",
    "fp": "PRIM..1",
    "gf": "dv채ljas",
    "id": "dv채ljas..1",
    "l": "dv채ljas..vb.1",
    "p": "vb_vs_dv채ljas"
  }
]
