# serializer version: 1
# name: test_version_json
  <Response [307 Temporary Redirect]>
# ---
