{
  "gf": "dväljas",
  "l": [
    "dväljas..1"
  ],
  "p": "vb_vs_dväljas"
}
